Loading plugins phase: Elapsed time ==> 0s.328ms
Initializing data phase: Elapsed time ==> 0s.000ms
<CYPRESSTAG name="CyDsfit arguments...">
cydsfit arguments: -.fdsnotice -.fdswarpdepfile=warp_dependencies.txt -.fdselabdepfile=elab_dependencies.txt -.fdsbldfile=generated_files.txt -p \\vmware-host\Shared Folders\Documents\CY8CKIT-021\firmware\ble-iotapp.cydsn\ble-iotapp.cyprj -d CYBLE-222005-00 -s \\vmware-host\Shared Folders\Documents\CY8CKIT-021\firmware\ble-iotapp.cydsn\Generated_Source\PSoC4 -- -yv2 -q10 -ygs -o2 -v3 -.fftcfgtype=LE</CYPRESSTAG>
<CYPRESSTAG name="Design elaboration results...">
</CYPRESSTAG>
Elaboration phase: Elapsed time ==> 2s.250ms
ADD: pft.M0086: error: Error in component: Bootloadable. The referenced Bootloader is invalid. Verify the Bootloader dependency is correct in the Bootloadable Component, then build project. Invalid bootloader hex file. Unable to read the hex file (\\vmware-host\Shared Folders\Documents\CY8CKIT-021\firmware\ble-bootloader.cydsn\CortexM0\ARM_GCC_493\Debug\ble-bootloader.hex). The path does not exist.
 * \\vmware-host\Shared Folders\Documents\CY8CKIT-021\firmware\ble-iotapp.cydsn\TopDesign\TopDesign.cysch (Instance:Bootloadable)

ADD: pft.M0086: error: Error in component: Bootloadable. The referenced Bootloader is invalid. Verify the Bootloader dependency is correct in the Bootloadable Component, then build project. Invalid bootloader elf file. Unable to read the elf file (\\vmware-host\Shared Folders\Documents\CY8CKIT-021\firmware\ble-bootloader.cydsn\CortexM0\ARM_GCC_493\Debug\ble-bootloader.elf). The path does not exist.
 * \\vmware-host\Shared Folders\Documents\CY8CKIT-021\firmware\ble-iotapp.cydsn\TopDesign\TopDesign.cysch (Instance:Bootloadable)

